// Jest Snapshot v1, https://goo.gl/fbAQLP

exports[`testing NewArticle Copmonent should render an EditArticleControls component  1`] = `
<Container>
  <Connect(EditArticleControls) />
</Container>
`;
